C:\Users\luxhi\Documents\METODOS_NO_SUPERVISADOS\exploracion inicial.py:24: PerformanceWarning: DataFrame is highly fragmented.  This is usually the result of calling `frame.insert` many times, which has poor performance.  Consider joining all columns at once using pd.concat(axis=1) instead. To get a de-fragmented frame, use `newframe = frame.copy()`
  df['categoria_nps'] = pd.cut(df['nps'], bins=nps_bins, labels=nps_labels)

================================================================================
1. DIMENSIONES Y TIPOS DE DATOS
================================================================================
Filas: 2194  |  Columnas: 160
Universidades distintas: 60
float64           128
str                26
int64               4
datetime64[us]      1
category            1
Name: count, dtype: int64

================================================================================
2. DUPLICADOS
================================================================================
Filas totalmente duplicadas: 0
IDs duplicados (excluyendo nulos): 0

================================================================================
3. VALORES NULOS (top 15 columnas)
================================================================================
                                                    n_nulos  %_nulos
Other                                                  2154     98.2
¿A qué *universidad* estás considerando cambiarte?     1960     89.3
rango_ingresos                                         1226     55.9
plataforma_administrativa                               743     33.9
verbatim_retroalimentacion                              260     11.9
verbatim_ces                                            140      6.4
id                                                      138      6.3
grado_academico                                         138      6.3
Universidad Americana -UAM                              138      6.3
Universidad Latina de Costa Rica                        138      6.3
id_universidad                                          138      6.3
modalidad_estudio                                       138      6.3
sede_universidad                                        138      6.3
satisfaccion_modalidad                                  138      6.3
cuatrimestre                                            138      6.3

Filas sin "id" (ola de encuesta reducida): 138
nombre_universidad
Universidad de Ciencias Médicas    138
Name: count, dtype: int64

================================================================================
4. ESTADÍSTICOS DESCRIPTIVOS - INDICADORES CLAVE
================================================================================
           nps      ces  satisfaccion  probabilidad_abandono     edad
count  2194.00  2194.00       2194.00                2056.00  2194.00
mean      8.94     8.47          8.95                   1.44    24.32
std       1.82     2.05          1.62                   2.79     7.82
min       0.00     1.00          1.00                   0.00    17.00
25%       8.00     8.00          8.00                   0.00    19.00
50%      10.00     9.00         10.00                   0.00    21.00
75%      10.00    10.00         10.00                   1.00    26.00
max      10.00    10.00         10.00                  10.00    59.00

================================================================================
5. DISTRIBUCIÓN DE VARIABLES CATEGÓRICAS
================================================================================

--- sexo ---
sexo
Mujer                71.5%
Hombre               28.3%
Prefiero no decir     0.2%
Name: proportion, dtype: str

--- grado_academico ---
grado_academico
Bachillerato    61.3%
Licenciatura    24.4%
NaN              6.3%
Técnico          3.1%
Maestría         2.6%
Diplomado        2.0%
Curso Libre      0.2%
Doctorado        0.1%
Name: proportion, dtype: str

--- modalidad_estudio ---
modalidad_estudio
Presencial         34.4%
Virtual            34.2%
Híbrida (Mixta)    25.1%
NaN                 6.3%
Name: proportion, dtype: str

--- area_conocimiento ---
area_conocimiento
Ciencias Económicas                      20.7%
Ciencias de la Salud                     20.2%
Educación                                 9.8%
Computación                               9.4%
Ingeniería                                9.2%
Ciencias Sociales                         7.9%
Artes y Letras                            6.7%
NaN                                       6.3%
Derecho                                   3.1%
Ingeniería y Arquitectura                 2.5%
Recursos Naturales                        1.1%
Arte, Diseño y Comunicación               1.1%
Ciencias Empresariales y Hospitalidad     1.0%
Ingenierías y TICs                        0.7%
Ciencias Básicas                          0.2%
Name: proportion, dtype: str

--- tipo_estudiante ---
tipo_estudiante
Promotores     73.9%
Pasivos        16.8%
Detractores     9.3%
Name: proportion, dtype: str

--- nivel_satisfaccion ---
nivel_satisfaccion
Muy satisfecho    71.6%
Satisfecho        21.3%
Indiferente        4.3%
Insatisfecho       2.7%
Name: proportion, dtype: str

--- nivel_ces ---
nivel_ces
Muy fácil      79.9%
Moderado       16.0%
Muy difícil     4.1%
Name: proportion, dtype: str

--- situacion_laboral ---
situacion_laboral
No trabajo actualmente                                49.6%
Trabajo tiempo completo para una empresa              27.8%
NaN                                                    6.3%
Emprendimiento / Negocio propio                        5.2%
Trabajo medio tiempo para una empresa                  3.6%
Trabajo por servicios profesionales / por proyecto     2.6%
Trabajo informal (ej : plataformas digitales)          2.6%
Pasantía / Práctica profesional                        2.4%
Name: proportion, dtype: str

--- rango_ingresos ---
rango_ingresos
NaN                      55.9%
₡250 001 - ₡500 000      12.8%
₡500 001 - ₡900 000      10.3%
Menos de ₡100 000         7.0%
₡100 000 - ₡250 000       6.8%
₡900 001 - ₡1 700 000     3.7%
Prefiero no responder     2.6%
Más de ₡1 700 000         1.0%
Name: proportion, dtype: str

--- provincia ---
provincia
San José      41.3%
Alajuela      15.5%
Cartago       12.9%
Heredia       12.8%
NaN            6.3%
Limón          4.1%
Puntarenas     3.8%
Guanacaste     3.4%
Name: proportion, dtype: str

================================================================================
6. TOP 10 UNIVERSIDADES POR NÚMERO DE RESPUESTAS
================================================================================
nombre_universidad
Universidad de Costa Rica                              307
Universidad Fidélitas                                  249
Universidad de las Ciencias y el Arte de Costa Rica    224
Universidad de Ciencias Médicas                        186
Universidad Hispanoamericana                           138
Universidad Latina de Costa Rica                       125
Universidad Nacional de Costa Rica                     123
Universidad San Marcos                                 106
Tecnológico de Costa Rica                              103
Universidad Estatal a Distancia                         66
Name: count, dtype: int64

================================================================================
7. MOTIVOS DE POSIBLE ABANDONO (% que marca cada motivo)
================================================================================
dificultad_pago           6.4
trabajo_estudio           3.6
sin_beca                  3.4
problemas_familiares      2.9
inflexibilidad_horaria    2.7
sin_acompanamiento        2.4
bajas_expectativas        1.9
duda_carrera              1.6
carga_dificil             1.5
materias_reprobadas       1.5
sin_empleo_area           0.7
trabajo_sin_grado         0.5
dtype: float64

================================================================================
8. CORRELACIÓN ENTRE INDICADORES CLAVE
================================================================================
                        nps   ces  satisfaccion  probabilidad_abandono  edad
nps                    1.00  0.52          0.81                  -0.19  0.02
ces                    0.52  1.00          0.56                  -0.13  0.09
satisfaccion           0.81  0.56          1.00                  -0.18  0.04
probabilidad_abandono -0.19 -0.13         -0.18                   1.00  0.13
edad                   0.02  0.09          0.04                   0.13  1.00

================================================================================
9. CLASIFICACIÓN NPS (PROMOTOR / PASIVO / DETRACTOR)
================================================================================
               n_estudiantes  %_estudiantes
categoria_nps                              
Promotor                1622          73.93
Pasivo                   368          16.77
Detractor                204           9.30

================================================================================
10. INDICADORES CLAVE POR CATEGORÍA NPS
================================================================================
                nps   ces  satisfaccion  probabilidad_abandono   edad
categoria_nps                                                        
Detractor      4.29  5.90          5.61                   2.85  23.73
Pasivo         7.70  7.56          8.04                   1.82  24.24
Promotor       9.80  9.01          9.57                   1.18  24.41

================================================================================
11. VARIABLES CATEGÓRICAS POR CATEGORÍA NPS (% dentro de cada categoría)
================================================================================

--- sexo ---
sexo           Hombre  Mujer  Prefiero no decir
categoria_nps                                  
Detractor        24.5   75.0                0.5
Pasivo           31.2   68.8                0.0
Promotor         28.1   71.7                0.2

--- grado_academico ---
grado_academico  Bachillerato  Curso Libre  Diplomado  Doctorado  Licenciatura  Maestría  Técnico
categoria_nps                                                                                    
Detractor                64.0          0.0        1.6        0.0          26.5       2.6      5.3
Pasivo                   70.9          0.0        2.0        0.0          22.7       1.7      2.6
Promotor                 64.4          0.3        2.2        0.1          26.7       3.1      3.2

--- modalidad_estudio ---
modalidad_estudio  Híbrida (Mixta)  Presencial  Virtual
categoria_nps                                          
Detractor                     30.7        37.0     32.3
Pasivo                        30.5        37.2     32.3
Promotor                      25.5        36.6     38.0

--- area_conocimiento ---
area_conocimiento  Arte, Diseño y Comunicación  Artes y Letras  Ciencias Básicas  Ciencias Económicas  Ciencias Empresariales y Hospitalidad  Ciencias Sociales  Ciencias de la Salud  Computación  \
categoria_nps                                                                                                                                                                                        
Detractor                                  2.6             7.4               0.0                 12.2                                    2.1               10.6                  30.7          7.9   
Pasivo                                     0.9             8.1               0.0                 16.6                                    1.5                9.9                  25.6         11.9   
Promotor                                   1.1             7.0               0.3                 24.6                                    0.9                7.8                  19.6          9.8   

area_conocimiento  Derecho  Educación  Ingeniería  Ingeniería y Arquitectura  Ingenierías y TICs  Recursos Naturales  
categoria_nps                                                                                                         
Detractor              1.6        9.5        11.1                        1.6                 2.1                 0.5  
Pasivo                 2.9        8.4         9.6                        2.6                 1.5                 0.6  
Promotor               3.5       11.0         9.7                        2.8                 0.5                 1.4  

--- tipo_estudiante ---
tipo_estudiante  Detractores  Pasivos  Promotores
categoria_nps                                    
Detractor              100.0      0.0         0.0
Pasivo                   0.0    100.0         0.0
Promotor                 0.0      0.0       100.0

--- nivel_satisfaccion ---
nivel_satisfaccion  Indiferente  Insatisfecho  Muy satisfecho  Satisfecho
categoria_nps                                                            
Detractor                  32.4          26.5             5.4        35.8
Pasivo                      6.2           0.0            26.6        67.1
Promotor                    0.4           0.3            90.2         9.1

--- nivel_ces ---
nivel_ces      Moderado  Muy difícil  Muy fácil
categoria_nps                                  
Detractor          40.2         23.0       36.8
Pasivo             34.2          4.9       60.9
Promotor            8.8          1.5       89.6

--- situacion_laboral ---
situacion_laboral  Emprendimiento / Negocio propio  No trabajo actualmente  Pasantía / Práctica profesional  Trabajo informal (ej : plataformas digitales)  Trabajo medio tiempo para una empresa  \
categoria_nps                                                                                                                                                                                       
Detractor                                      7.4                    46.6                              4.2                                            5.8                                    5.8   
Pasivo                                         7.3                    50.3                              2.9                                            2.9                                    3.2   
Promotor                                       4.9                    54.3                              2.3                                            2.3                                    3.7   

situacion_laboral  Trabajo por servicios profesionales / por proyecto  Trabajo tiempo completo para una empresa  
categoria_nps                                                                                                    
Detractor                                                        2.1                                       28.0  
Pasivo                                                           3.8                                       29.7  
Promotor                                                         2.7                                       29.8  

--- rango_ingresos ---
rango_ingresos  Menos de ₡100 000  Más de ₡1 700 000  Prefiero no responder  ₡100 000 - ₡250 000  ₡250 001 - ₡500 000  ₡500 001 - ₡900 000  ₡900 001 - ₡1 700 000
categoria_nps                                                                                                                                                    
Detractor                    17.8                4.0                    4.0                 14.9                 29.7                 21.8                    7.9
Pasivo                       19.3                1.8                    9.4                 15.8                 28.7                 17.0                    8.2
Promotor                     14.7                2.2                    5.3                 15.4                 28.9                 25.0                    8.6

--- provincia ---
provincia      Alajuela  Cartago  Guanacaste  Heredia  Limón  Puntarenas  San José
categoria_nps                                                                     
Detractor          15.3     12.2         4.2     20.1    4.2         2.6      41.3
Pasivo             15.1     12.5         3.2     14.8    3.5         6.7      44.2
Promotor           16.9     14.2         3.7     12.6    4.5         3.6      44.4

================================================================================
12. MOTIVOS DE POSIBLE ABANDONO POR CATEGORÍA NPS (%)
================================================================================
               dificultad_pago  sin_beca  carga_dificil  duda_carrera  trabajo_estudio  problemas_familiares  sin_acompanamiento  inflexibilidad_horaria  sin_empleo_area  trabajo_sin_grado  \
categoria_nps                                                                                                                                                                                  
Detractor                 12.2       7.9            1.6           3.7              5.8                   5.3                 9.5                     9.0              2.1                0.5   
Pasivo                     8.7       4.9            2.6           2.9              5.8                   4.7                 3.8                     3.5              0.9                0.3   
Promotor                   5.2       2.4            1.2           1.0              2.8                   2.2                 1.2                     1.8              0.5                0.6   

               bajas_expectativas  materias_reprobadas  
categoria_nps                                           
Detractor                    12.7                  2.6  
Pasivo                        2.6                  3.8  
Promotor                      0.5                  0.9  
